2026-07-26 Q2/Q3模型改进探索全历程

10:00 方向感知AR（切换模型）: 按sign(dFILT)拆训练集为上升/下降各自训练RidgeCV
      样本量减半 → 5折CV R²=0.679 (vs baseline 0.696), dR²=-0.017 → FAIL
      发现: T3上升沿残差+0.447(低估56%), 下降沿-0.152(高估14%), 不对称比4:1确认真实存在

10:30 η_coag估计器修正: 用去惯性FILT_deinertia替换FILT原始值计算η_corrected, β₁∈[0.50,0.70,0.85,0.95]
      S1: 分布拉宽4× (std: 0.035→0.137); T3中24%样本|Δη|>0.05
      S2: η与NTU相关性反而衰减 (r: -0.775→-0.346), dR=+0.429(负相关减弱=信号丢失)
      S3: Sobol S_Ti: η_orig=0.564 vs η_corr=0.569, 差异在MC噪声内(Δ=0.005) → FAIL
      发现: 惯性不是噪声而是信号——CSTR的下游层(Beta2×NTU_t-1)依赖惯性传递信息

11:15 冷启动优化: 测试4种Q3验证初始化策略
      全局训练均值(当前): R²=0.202
      训练末端NTU: R²=0.081 (更差)
      1天均值: R²=0.198
      oracle(5:00真值): R²=0.503 ←→ 模型本身没问题, 冷启动是Q3唯一瓶颈
      结论: 可部署estimator无法逼近oracle, 因为不知道验证日的真NTU

12:00 方向交互项AR(12维): 6基础lag + 6×sign(dF_prev)交互项, 统一RidgeCV不分拆
      5折CV: R²=0.703 vs baseline 0.696, dR²=+0.007 (不显著)
      T3上升残差: 0.341→0.341 (完全未变) → FAIL

12:30 加权Ridge: 训练时给上升样本加w_ratio倍权重(1/2/4/8/16)
      全部≤基准(w=1: R²=0.696; w=16: R²=0.623)
      权重越高全局越退化 → FAIL

13:00 纯净化学Sobol: 修复wrapper中0.5混合→纯化学FILT_eff=RW×(1-η)
      η_orig S_Ti: 0.564→0.594 (+0.030, 测量误差修正)
      η_corr85 S_Ti: 0.596 (与orig无差)
      纯化学wrapper修复测量误差, 但η修正无预测增益 → FAIL

13:45 流态分层CSTR误差: 按TW_FLOW×H/Q中位数4象限分析
      HighQ+LowH/Q: R²=0.813(最优, 强混合CSTR假设成立)
      HighQ+HighH/Q: R²=0.128(最差, CSTR假设瓦解)
      各象限最优A在边界值(10和1000) → 不是A能调的 → CSTR公式在高流速短停留时结构性失败

14:15 分流CSTR(M2 sigmoid): β_eff = (1-α)×β_cstr, α=f(Q, H/Q)
      M2 R²=0.809 (vs baseline 0.851), dR²=-0.042
      HQ_HHQ象限R²: 0.819→0.487 (彻底崩溃)
      结论: CSTR的θ=A×H/Q已经是流态模型, 再加α是双重计数 → FAIL

15:00 全部诊断代码回退删除, 接受当前模型已达到本框架天花板

测试状态: 8次验证尝试全记录
