2026-07-24 Q2 闭环: 时滞验证 + 全链分析 + 最终结论收尾

14:00 step2.0 三方法时滞估计
  - CCF/MIC/TE 全部指向 lag=0, 统计方法彻底失效
  - BUG修复: TE数组长度不匹配, MONTH 0-indexed修正, 融合回退逻辑
  - 输出: tau_params.json, tau_analysis.csv, tau_comparison.csv

14:15 step2.1 TCN双模式 (物理先验 vs 自适应)
  - TCN 4层膨胀卷积 + 因果填充 + 时滞注意力 + 物理Loss + PINN
  - 物理先验 R2=-0.568 vs 自适应 R2=-0.048 → 自适应优于预设
  - 无注意力 R2=0.386 为最佳TCN → 注意力在弱信号上过拟合

14:20 step2.2 三个经典基线
  - AR(6) R2=0.519, 传递函数 R2=0.524, ARMAX R2=0.524
  - 三基线性能几乎一致, 深度学习全线落败

14:25 step5.0 消融 → 明确Q2消融迁至step5.0
  - Q1消融更新: 删ALL_FILT(17列)验证FILT系列占R2的42%
  - Q2消融7组: 确认物理约束(-0.25R2)和注意力(-0.33R2)为负增益

15:00 时序架构对比 (compare_temporal.py)
  - MLP(无时序) R2=-24.9 << TCN R2=-1868
  - 结论: 不是TCN没处理好时序, 是梯度下降在近噪声数据上全员崩溃
  - AR(6) 解析解无此问题

15:30 全链三层过程分析 (full_chain_analysis.py)
  - 确认 FILT→NTU 强耦合(r=0.66), R/W→FILT 弱耦合(r=0.20)
  - 去除效率 η 中位数 99.76%, 仅2.1%样本跌破95%
  - 清水池缓冲事件分析: 124次FILT>0.3事件, NTU峰值偏差仅0.17

16:00 预处理对比 (run_q2_preprocess.py)
  - 标准化R2=-8.46 << 差分R2=-1.68 << 裸log1p R2=-0.005
  - 标准化和差分都损害模型, 最朴素的做法效果最好

16:30 负反馈解耦 + LRV建模 (q2_final.py)
  - e_alum 相关性 0.014 < 原始 ALUM 0.047 → 解耦失败
  - LRV 标准差 0.50 < FILT 0.64 → 信号未放大
  - LRV+Ridge R2=0.376, 不及 AR(6) 的 0.519

17:00 时滞验证 (verify_delay.py) — Q2 闭环关键
  - 事件CCF: 仅在FILT>0.3期间做互相关, 按水位分层
  - 中水位(4-7m)事件CCF峰值在lag=2(4h), r=0.049
  - CSTR卷积: FILT→NTU清水池延迟≈1步(2h), 最优N=7
  - 物理先验 RW_NTU=4h 通过验证
  - 输出: delay_verification.json, figures/delay_verification.png

17:30 文档输出
  - sum_5: Q2时滞验证与最终结论 (6节, 含时滞验证+预测对比+方法论教训+Q3启示)
  - latest_4: Q2闭环开发日志
  - PLAN.md status更新
  - Commit: feat(q2): final delay verification + full-chain analysis + Q2 closure

变更记录:
  - verify_delay.py: 事件CCF验证, CSTR卷积, 理论停留时间估算
  - q2_final.py: 负反馈解耦+LRV建模, 输出q2_final_results.json
  - compare_temporal.py: MLP/TCN/CNN/GRU架构对比
  - process_analysis.py: 全链三层过程分析
  - run_q2_preprocess.py: 标准化/差分预处理对比
  - full_chain_analysis.py: 三层NTU时序+去除效率+清水池缓冲
  - step2.0/2.1/2.2/2.5/5.0: 已完成
  - docs/sums/sum_5_Q2时滞验证与最终结论.md: 新建
  - docs/logs/latest_4.log: 新建
  - PLAN.md: status更新
