2026-07-25 B 线负反馈控制回路探索全历程

16:45 B1.0: T3 区 AR(p) 选阶
  - AR(10) 给出 FILT R²=0.686
  - 20 步自回归信号显著

16:50 B1.1: Granger 因果检验 (AR+ΔALUM)
  - Q=0 (同期): F=7.18, p=0.0075, 显著
  - Q=1: F=4.36, p=0.013, 显著
  - Q≥3: 不显著
  - ΔALUM 对 FILT 有独立因果解释力
  - 但 dR² 仅 +0.0025

16:55 B1.2: 脉冲响应函数 (IRF)
  - 脉冲系数 21.59 (同期, 非因果延迟)
  - 矾→滤池作用 <2h, 采样间隔不可分割

17:00 B1.3: 条件 IRF (上下文分组)
  - FILT 上升沿: F=7.94, p=0.005 ← 有效
  - FILT 下降沿: F=0.52, p=0.47 ← 无效
  - T3 高段 (>0.5): F=5.71, p=0.018 ← 有效
  - 高流量: F=6.43, p=0.012 ← 有效
  - 负反馈仅在正确条件下发挥作用

17:15 D1: T3 区候选变量对 NTU 增量 R²
  - eta_coag: dR²=+0.0146, F=57.6 ← 最强信号
  - loading: dR²=+0.0031, F=11.7
  - RW_NTU: dR²=+0.0030, F=11.4
  - ΔFILT, ΔALUM, ΔQ 全部不显著

17:20 D2: eta_coag 自身动力学
  - T3 区 R²=0.832 (含 ALUM), 0.574 (不含 ALUM)
  - ALUM 系数 = -0.055 ← 反向因果: η↓→ALUM↑
  - η 有强惯性 (η_lag1=+0.263) + 长程记忆 (η_lag3=+0.059)

17:25 D3: 多变量耦合上限
  - FILT+NTU_lag1+η+loading+φ_alum → NTU R²=0.876

17:30 step1.8 创建: eta 状态空间模型
  - 物理化学推导: 串联效率 + 非单调荷载 + 一阶惯性
  - E1: 纯物理 η R²=0.574 (<0.70 门) — FAIL
  - E2: RW_NTU² 非单调项确认 (系数为负)
  - E3: β_η=0.20, NTU R²=0.611
  - E4: η+CSTR vs AR(10)+CSTR: 0.612 vs 0.731 — FAIL
  - eta 预测误差通过 CSTR 链放大
  - 结论: step1.8 跑偏, 应删除

17:45 Phase 4: η_coag 修正项扫参
  - γ=0.05: dR²=+0.0001, 远低门 0.002

18:00 Phase 4b: loading 修正 (gL)
  - 全线降低 R², 跳过

18:05 Phase 4c: RW_NTU 修正 (gR)
  - 全线降低 R², 跳过

18:30 代码清理
  - 删除 step1.8_eta_state_model.py (跑偏)
  - 删除 step1.7_froude_deadzone.py (被 step1.7_final 替代)
  - 重命名 step1.7+_tier_froude.py → step1.7_final_cstr.py
  - 更新 step1.5 (分tier A) + run_q1_full (§8 最终方案)
  - 清理 output: 删旧 cstr_froude_* 结果, 重命名 tier_froude → final

19:00 文档化
  - sum_8: B 线全历程方法论记录
  - latest_7: B 线开发日志
  - 更新 migration_prompt + INDEX

B 线终点:
  负反馈存在: Granger F=7.18 (p<0.01), 条件 IRF 验证机制正确
  但不可量化建模: dR²<0.003, 系统 99%+ 去除效率掩蔽因果
  论文素材: "存在但弱" 的完美叙事点
