2026-07-25 A 线 CSTR 物理模型细化全历程

13:00 step1.6 创建 - 初始消融实验框架
  - 基线: 单级 CSTR, A=141.3, R²=0.7272 (验证通过)
  - 发现首次版本数据加载 sort_values 破坏了时序, 导致基线 R²=0.24
  - 修复: 移除 sort 和 dropna, 匹配原始 load_clean_data 行为
  - 发现首次版本 beta_N 公式错误: exp(-2h/(N*θ)) 应为 exp(-N*2h/θ)

13:30 N-CSTR 消融 (A1)
  - N=2~5 全量 R² 持续低于 N=1（0.709→0.607）
  - T3/ext R² 在 N=2~3 有边际提升 (+0.01~0.04), 但全量被 T1/T2 拖垮
  - 运输延迟 delta>0 全线有害
  - 结论: 真池混合行为 = 单级 CSTR

14:00 变面积 k_A (A2)
  - A_eff = A0 * (1 - k_A * Q/Q_max), k_A=0.20
  - 全量 +0.006, T3 +0.013, ext +0.017
  - 边际有效但量级有限

14:15 管壁释放 C_base (A3)
  - ΔR²≈0.0005, 可忽略

14:30 关键转折: 分 tier 扫 A 发现
  - T1 最优 A: 400+, T2: 250, T3: 30
  - A 从 T1 到 T3 变化 13 倍以上 → 清池在不同条件下行为本质不同
  - T3 内部 U 形 R² 曲线: 0.15-0.3 可用, 0.3-1.0 崩溃, >1.0 回升

15:00 数学模型修正: N-CSTR beta 公式
  - 第一次版本: exp(-2h/(N*θ)) ← 错误, 导致 beta→1
  - 修正: exp(-N*2h/θ) = beta2^N ← 正确
  - 修正后 N-CSTR 仍无改善, 证实是物理结构而非数学错误

15:15 评估方式回退
  - 自回归模式导致基线 R² 从 0.7272 跌至 0.27
  - 回退到 TRUE carryover 评估, 因为衡量的是物理精确度而非自主预测力

15:30 step1.7 创建 - Froude 死区方案
  - A_eff = A0 / (1 + k_Fr * Q / H^(3/2)), 流体力学驱动
  - 最优 A0=100, k_Fr=0.03, R²=0.7437 (+0.0164)
  - T3 +0.042, ext +0.058 — 改善显著
  - T1 反向下降 -0.066 — 单 A0 需折中

16:00 step1.7+ 创建 - 分 tier A + Fr 联合
  - Phase 1 (k_Fr=0, 扫 A): A1=400, A2=250, A3=30
    - 全量 R²=0.7827 (+0.0555 vs 基线)
    - T1=0.887, T3=0.750, ext=0.706
  - Phase 2 (固定最优A, 扫 k_Fr): k_Fr=0 最优
    - Fr 调制在分 tier 后无边际收益
  - Phase 3 (回溯扫A, k_Fr=0): 同 Phase 1 结果, 确认收敛

16:15 联合扫验证 Fr 必要性
  - 40 组 (A1×k_Fr + A3×k_Fr) 联合扫: k_Fr 在任何组合下都不提供收益
  - A3=50 时 k_Fr 有边际补偿 (0.7775→0.7819), 仍不敌 A3=30+k_Fr=0 (0.7827)
  - 结论: Fr 机制正确但数值效应完全被分 tier A 吸收

16:30 0.3-0.5 崩溃区专项诊断 (D1-D3)
  - D1 残差: r(resid, NTU_true)=0.755 — 均值回归是本质
  - D2 方向: 上升欠估 (+0.083), 下降近零 — 滞回不对称
  - D3 加速度项: gamma=0.05 全局 +0.0007 — 不足以引入新参数
  - 结论: 0.3-0.5 是模式切换走廊, 单公式此区必然两不靠, 非 bug

17:00 文档化
  - sum_7: A 线全历程方法论记录
  - latest_6: A 线开发日志
  - 更新 CONSTITUTION: 最终参数 A1=400, A2=250, A3=30, 不可调
  - 更新 migration_prompt: 引用 sum_7 + latest_6
  - 更新 INDEX: 新增 step1.7+

A 线终点:
  公式: 分 tier CSTR, A = {400, 250, 30}
  性能: R²=0.7827 (vs 基线 0.7272, +7.7%)
  参数: 3 个 (vs 基线 1 个)
  失败尝试: N-CSTR, 运输延迟, 管壁释放, Froude 单A, 加速度项 (共计 5 项)
  成功关键: 分 tier A 揭示了清池在不同条件下的模式切换
